[cosmos-themes.online/themes/watson/index.html]
[backblue.gif]
[fade.gif]
[index.html]
[cosmos-themes.online/themes/watson/wp-content/cache/autoptimize/css/autoptimize_single_abbd157da11d1a9995ac4e63d0f025a5eec4.css]
[cosmos-themes.online/themes/watson/wp-content/cache/autoptimize/css/autoptimize_d5b3a6fc8c98c7e52d9e1230f2e36634.css]
[cosmos-themes.online/themes/watson/wp-includes/js/jquery/jquery.minaf6c.js]
[cosmos-themes.online/themes/watson/wp-json/wp/v2/pages/43.json]
[cosmos-themes.online/themes/watson/feed/index.html]
[cosmos-themes.online/themes/watson/wp-json/index.html]
[cosmos-themes.online/themes/watson/comments/feed/index.html]
[cosmos-themes.online/themes/watson/xmlrpc0db0.php]
[cosmos-themes.online/themes/watson/wp-includes/wlwmanifest.xml]
[cosmos-themes.online/themes/watson/wp-json/oembed/1.0/embed75dc.json]
[cosmos-themes.online/themes/watson/wp-json/oembed/1.0/embed705c]
[cosmos-themes.online/themes/watson/wp-content/uploads/2021/05/cropped-watson-sicon-32x32.png]
[cosmos-themes.online/themes/watson/wp-content/uploads/2021/05/cropped-watson-sicon-192x192.png]
[cosmos-themes.online/themes/watson/wp-content/uploads/2021/05/cropped-watson-sicon-180x180.png]
[cosmos-themes.online/themes/watson/wp-content/uploads/2021/05/profile-img.jpg]
[cosmos-themes.online/themes/watson/wp-content/uploads/2021/05/home-bg.jpg]
[cosmos-themes.online/themes/watson/wp-content/uploads/2021/05/signature-white.png]
[cosmos-themes.online/themes/watson/wp-content/uploads/2021/05/client1.png]
[cosmos-themes.online/themes/watson/wp-content/uploads/2021/05/client2.png]
[cosmos-themes.online/themes/watson/wp-content/uploads/2021/05/client3.png]
[cosmos-themes.online/themes/watson/wp-content/uploads/2021/05/client4.png]
[cosmos-themes.online/themes/watson/wp-content/uploads/2021/05/client5.png]
[cosmos-themes.online/themes/watson/wp-content/uploads/2021/05/client6.png]
[cosmos-themes.online/themes/watson/wp-content/uploads/2021/05/client7.png]
[cosmos-themes.online/themes/watson/wp-content/uploads/2021/05/author-1-100x100.jpg]
[cosmos-themes.online/themes/watson/wp-content/uploads/2021/05/author-2-100x100.jpg]
[cosmos-themes.online/themes/watson/wp-content/uploads/2021/05/author-3-100x100.jpg]
[cosmos-themes.online/themes/watson/wp-content/uploads/2021/05/portfolio-1.jpg]
[cosmos-themes.online/themes/watson/portfolio/book-design/index.html]
[cosmos-themes.online/themes/watson/wp-content/uploads/2021/05/portfolio-10.jpg]
[cosmos-themes.online/themes/watson/wp-content/uploads/2021/05/portfolio-9.jpg]
[cosmos-themes.online/themes/watson/wp-content/uploads/2021/05/portfolio-8.jpg]
[cosmos-themes.online/themes/watson/portfolio/notepad-mockup/index.html]
[cosmos-themes.online/themes/watson/wp-content/uploads/2021/05/portfolio-7.jpg]
[cosmos-themes.online/themes/watson/portfolio/door-hangar/index.html]
[cosmos-themes.online/themes/watson/wp-content/uploads/2021/05/portfolio-6.jpg]
[cosmos-themes.online/themes/watson/portfolio/back-pack/index.html]
[cosmos-themes.online/themes/watson/wp-content/uploads/2021/05/portfolio-5.jpg]
[cosmos-themes.online/themes/watson/wp-content/uploads/2021/05/portfolio-4.jpg]
[cosmos-themes.online/themes/watson/wp-content/uploads/2021/05/portfolio-3.jpg]
[cosmos-themes.online/themes/watson/wp-content/uploads/2021/05/portfolio-2.jpg]
[cosmos-themes.online/themes/watson/portfolio/creative-box/index.html]
[cosmos-themes.online/themes/watson/wp-content/uploads/2021/05/portfolio-11.jpg]
[cosmos-themes.online/themes/watson/best-way-to-design/index.html]
[cosmos-themes.online/themes/watson/wp-content/uploads/2021/05/blog-1.jpg]
[cosmos-themes.online/themes/watson/things-i-need-to-get-started/index.html]
[cosmos-themes.online/themes/watson/wp-content/uploads/2021/05/blog-2.jpg]
[cosmos-themes.online/themes/watson/my-current-workspace/index.html]
[cosmos-themes.online/themes/watson/wp-content/uploads/2021/05/blog-3.jpg]
[cosmos-themes.online/themes/watson/best-place-to-travel-this-summer/index.html]
[cosmos-themes.online/themes/watson/wp-content/uploads/2021/05/blog-4.jpg]
[cosmos-themes.online/themes/watson/latest-ui-trends-to-inspired-from/index.html]
[cosmos-themes.online/themes/watson/wp-content/uploads/2021/05/blog-5.jpg]
[cosmos-themes.online/themes/watson/latest-tech-2021/index.html]
[cosmos-themes.online/themes/watson/wp-content/uploads/2021/05/blog-6.jpg]
[cosmos-themes.online/themes/watson/best-easy-to-cook/index.html]
[cosmos-themes.online/themes/watson/wp-content/uploads/2021/05/blog-7.jpg]
[cosmos-themes.online/themes/watson/best-sound-editing-software/index.html]
[cosmos-themes.online/themes/watson/wp-content/uploads/2021/05/blog-8.jpg]
[cosmos-themes.online/themes/watson/top-beaches-in-the-world/index.html]
[cosmos-themes.online/themes/watson/wp-content/uploads/2021/05/blog-9.jpg]
[cosmos-themes.online/themes/watson/wp-content/cache/autoptimize/css/autoptimize_single_7353a80d07cadf5b656d19b00673007555bf.css]
[cosmos-themes.online/themes/watson/wp-content/cache/autoptimize/css/autoptimize_single_77a9d7ad35540b0ddb1b0bc312dfcdbc55bf.css]
[cosmos-themes.online/cdn-cgi/scripts/5c5dd728/cloudflare-static/email-decode.min.js]
[cosmos-themes.online/themes/watson/wp-includes/js/dist/vendor/regenerator-runtime.minb36a.js]
[cosmos-themes.online/themes/watson/wp-includes/js/dist/vendor/wp-polyfill.min2c7c.js]
[cosmos-themes.online/themes/watson/index.html]
[cosmos-themes.online/themes/watson/wp-content/cache/autoptimize/js/autoptimize_0b16f39debeedcfcc92a159caf4a7a93.js]
[cosmos-themes.online/themes/watson/wp-content/themes/watson-child/img/arrow-dark.png]
[cosmos-themes.online/themes/watson/wp-content/themes/watson/fonts/fa-brands-400.eot]
[cosmos-themes.online/themes/watson/wp-content/themes/watson/fonts/Linearicons-Free54e9.eot]
[cosmos-themes.online/themes/watson/wp-content/themes/watson/css/owl.video.play.png]
[cosmos-themes.online/themes/watson/wp-content/themes/watson/img/arrow.svg]
[cosmos-themes.online/themes/watson/wp-content/themes/watson/img/search.svg]
[cosmos-themes.online/themes/watson/wp-content/plugins/elementor/assets/lib/eicons/fonts/eiconsc387.eot]
[cosmos-themes.online/themes/watson/wp-content/plugins/elementor/assets/lib/eicons/fonts/eicons0b93.eot]
[cosmos-themes.online/themes/watson/wp-content/cache/autoptimize/css/autoptimize_d5b3a6fc8c98c7e52d9e1230f2e36634.css]
[cosmos-themes.online/themes/watson/wp-content/cache/autoptimize/css/autoptimize_single_abbd157da11d1a9995ac4e63d0f025a5eec4.css]
[cosmos-themes.online/themes/watson/wp-includes/js/jquery/jquery.minaf6c.js]
[cosmos-themes.online/themes/watson/wp-content/plugins/elementor/assets/lib/font-awesome/webfonts/fa-solid-900.eot]
[cosmos-themes.online/themes/watson/wp-json/oembed/1.0/embeda420.json]
[cosmos-themes.online/themes/watson/wp-content/cache/autoptimize/css/autoptimize_f1756c4ba1d0532bc7aa25be39802b43.css]
[cosmos-themes.online/themes/watson/wp-json/oembed/1.0/embedcad3]
[cosmos-themes.online/themes/watson/wp-content/uploads/2021/05/img-1.jpg]
[cosmos-themes.online/themes/watson/wp-content/uploads/2021/05/img-2.jpg]
[cosmos-themes.online/themes/watson/portfolio/notepad-design/index.html]
[cosmos-themes.online/themes/watson/portfolio/book-design/index.html]
[cosmos-themes.online/themes/watson/wp-content/cache/autoptimize/js/autoptimize_0aa23ab9ae7be85ea336fc69b89c56c9.js]
[cosmos-themes.online/themes/watson/wp-json/oembed/1.0/embeda3de.json]
[cosmos-themes.online/themes/watson/wp-json/oembed/1.0/embed5fde]
[cosmos-themes.online/themes/watson/portfolio/notepad-mockup/index.html]
[cosmos-themes.online/themes/watson/portfolio/creative-flyer/index.html]
[cosmos-themes.online/themes/watson/wp-json/oembed/1.0/embedceff.json]
[cosmos-themes.online/themes/watson/wp-json/oembed/1.0/embed82a4]
[cosmos-themes.online/themes/watson/portfolio/door-hangar/index.html]
[cosmos-themes.online/themes/watson/wp-json/oembed/1.0/embed5df2.json]
[cosmos-themes.online/themes/watson/wp-json/oembed/1.0/embedb61e]
[cosmos-themes.online/themes/watson/portfolio/back-pack/index.html]
[cosmos-themes.online/themes/watson/portfolio/business-card/index.html]
[cosmos-themes.online/themes/watson/wp-json/oembed/1.0/embed9ad5.json]
[cosmos-themes.online/themes/watson/wp-json/oembed/1.0/embedb662]
[cosmos-themes.online/themes/watson/portfolio/creative-box/index.html]
[cosmos-themes.online/themes/watson/portfolio/cup-design/index.html]
[cosmos-themes.online/themes/watson/wp-content/cache/autoptimize/css/autoptimize_4a3a25c402079694a1e90497bce44892.css]
[cosmos-themes.online/themes/watson/wp-json/wp/v2/posts/122.json]
[cosmos-themes.online/themes/watson/best-way-to-design/feed/index.html]
[cosmos-themes.online/themes/watson/wp-json/oembed/1.0/embedc7ab.json]
[cosmos-themes.online/themes/watson/wp-json/oembed/1.0/embed00e5]
[cosmos-themes.online/themes/watson/wp-login.html]
[cosmos-themes.online/themes/watson/category/design/index.html]
[cosmos-themes.online/themes/watson/category/lifestyle/index.html]
[cosmos-themes.online/themes/watson/category/technology/index.html]
[cosmos-themes.online/themes/watson/category/traveling/index.html]
[cosmos-themes.online/themes/watson/category/web-design/index.html]
[cosmos-themes.online/themes/watson/category/personal/index.html]
[cosmos-themes.online/themes/watson/wp-content/uploads/2021/05/blog-img1-768x1024.jpg]
[cosmos-themes.online/themes/watson/wp-content/uploads/2021/05/blog-img2-683x1024.jpg]
[cosmos-themes.online/themes/watson/wp-content/uploads/2021/05/blog-img3-683x1024.jpg]
[cosmos-themes.online/themes/watson/tag/design/index.html]
[cosmos-themes.online/themes/watson/tag/events/index.html]
[cosmos-themes.online/themes/watson/tag/process/index.html]
[cosmos-themes.online/themes/watson/best-way-to-design/index0e22.html]
[cosmos-themes.online/themes/watson/wp-content/cache/autoptimize/js/autoptimize_61962f43b02c29872a14607372d50c08.js]
[cosmos-themes.online/themes/watson/best-way-to-design/index.html]
[cosmos-themes.online/themes/watson/best-way-to-design/index267f.html]
[cosmos-themes.online/themes/watson/best-way-to-design/index21b4.html]
[cosmos-themes.online/themes/watson/best-way-to-design/index3094.html]
[cosmos-themes.online/themes/watson/best-way-to-design/index8e42.html]
[cosmos-themes.online/themes/watson/wp-json/wp/v2/posts/120.json]
[cosmos-themes.online/themes/watson/things-i-need-to-get-started/feed/index.html]
[cosmos-themes.online/themes/watson/wp-json/oembed/1.0/embed0c92.json]
[cosmos-themes.online/themes/watson/wp-json/oembed/1.0/embed32b4]
[cosmos-themes.online/themes/watson/things-i-need-to-get-started/index.html]
[cosmos-themes.online/themes/watson/tag/personal/index.html]
[cosmos-themes.online/themes/watson/tag/lifestyle/index.html]
[cosmos-themes.online/themes/watson/wp-json/wp/v2/posts/118.json]
[cosmos-themes.online/themes/watson/my-current-workspace/feed/index.html]
[cosmos-themes.online/themes/watson/wp-json/oembed/1.0/embedb294.json]
[cosmos-themes.online/themes/watson/wp-json/oembed/1.0/embed8d5c]
[cosmos-themes.online/themes/watson/my-current-workspace/index.html]
[cosmos-themes.online/themes/watson/wp-json/wp/v2/posts/116.json]
[cosmos-themes.online/themes/watson/tag/interior/index.html]
[cosmos-themes.online/themes/watson/best-place-to-travel-this-summer/feed/index.html]
[cosmos-themes.online/themes/watson/wp-json/oembed/1.0/embed771c.json]
[cosmos-themes.online/themes/watson/wp-json/oembed/1.0/embedf0f9]
[cosmos-themes.online/themes/watson/best-place-to-travel-this-summer/index.html]
[cosmos-themes.online/themes/watson/wp-json/wp/v2/posts/114.json]
[cosmos-themes.online/themes/watson/tag/nature/index.html]
[cosmos-themes.online/themes/watson/tag/travel/index.html]
[cosmos-themes.online/themes/watson/tag/outdoor/index.html]
[cosmos-themes.online/themes/watson/wp-json/oembed/1.0/embed04b0.json]
[cosmos-themes.online/themes/watson/latest-ui-trends-to-inspired-from/feed/index.html]
[cosmos-themes.online/themes/watson/wp-json/oembed/1.0/embede142]
[cosmos-themes.online/themes/watson/latest-ui-trends-to-inspired-from/index.html]
[cosmos-themes.online/themes/watson/wp-json/wp/v2/posts/112.json]
[cosmos-themes.online/themes/watson/tag/technology/index.html]
[cosmos-themes.online/themes/watson/tag/inspiration/index.html]
[cosmos-themes.online/themes/watson/latest-tech-2021/feed/index.html]
[cosmos-themes.online/themes/watson/wp-json/oembed/1.0/embed0546.json]
[cosmos-themes.online/themes/watson/wp-json/oembed/1.0/embed07ca]
[cosmos-themes.online/themes/watson/latest-tech-2021/index.html]
[cosmos-themes.online/themes/watson/wp-json/wp/v2/posts/110.json]
[cosmos-themes.online/themes/watson/tag/trend/index.html]
[cosmos-themes.online/themes/watson/best-easy-to-cook/feed/index.html]
[cosmos-themes.online/themes/watson/wp-json/oembed/1.0/embed6a85.json]
[cosmos-themes.online/themes/watson/wp-json/oembed/1.0/embed8850]
[cosmos-themes.online/themes/watson/best-easy-to-cook/index.html]
[cosmos-themes.online/themes/watson/wp-json/wp/v2/posts/108.json]
[cosmos-themes.online/themes/watson/best-sound-editing-software/feed/index.html]
[cosmos-themes.online/themes/watson/wp-json/oembed/1.0/embed7df0.json]
[cosmos-themes.online/themes/watson/tag/recipe/index.html]
[cosmos-themes.online/themes/watson/wp-json/oembed/1.0/embedaf25]
[cosmos-themes.online/themes/watson/best-sound-editing-software/index.html]
[cosmos-themes.online/themes/watson/wp-json/wp/v2/posts/97.json]
[cosmos-themes.online/themes/watson/wp-json/oembed/1.0/embedc3fd.json]
[cosmos-themes.online/themes/watson/top-beaches-in-the-world/feed/index.html]
[cosmos-themes.online/themes/watson/wp-json/oembed/1.0/embedd918]
[cosmos-themes.online/themes/watson/top-beaches-in-the-world/index.html]
[cosmos-themes.online/themes/watson/wp-content/cache/autoptimize/css/autoptimize_single_7353a80d07cadf5b656d19b00673007555bf.css]
[cosmos-themes.online/themes/watson/wp-content/cache/autoptimize/css/autoptimize_single_77a9d7ad35540b0ddb1b0bc312dfcdbc55bf.css]
[cosmos-themes.online/themes/watson/wp-includes/js/dist/vendor/regenerator-runtime.minb36a.js]
[cosmos-themes.online/themes/watson/wp-includes/js/dist/vendor/wp-polyfill.min2c7c.js]
[cosmos-themes.online/themes/watson/wp-content/themes/watson-child/img/image-dark.jpg]
[cosmos-themes.online/themes/watson/wp-content/themes/watson-child/img/slider-dark.jpg]
[cosmos-themes.online/themes/watson/wp-content/themes/watson-child/img/video-dark.jpg]
[cosmos-themes.online/themes/watson/wp-content/themes/watson-child/img/particles-dark.jpg]
[cosmos-themes.online/themes/watson/popper.js]
[cosmos-themes.online/themes/watson/GET]
[cosmos-themes.online/themes/watson/Error pJS - No image.src]
[cosmos-themes.online/themes/watson/Firefox/index.html]
[cosmos-themes.online/themes/watson/Edge/index.html]
[cosmos-themes.online/themes/watson/Gecko/index.html]
[cosmos-themes.online/themes/watson/Version/index.html]
[cosmos-themes.online/themes/watson/-negative.svg]
[cosmos-themes.online/themes/watson/wp-content/cache/autoptimize/js/autoptimize_0b16f39debeedcfcc92a159caf4a7a93.js]
[cosmos-themes.online/themes/watson/wp-content/themes/watson/css/owl.video.play.html]
[cosmos-themes.online/themes/watson/wp-content/themes/watson/img/arrow.svg]
[cosmos-themes.online/themes/watson/wp-content/themes/watson/img/search.svg]
[cosmos-themes.online/themes/watson/wp-content/cache/autoptimize/css/autoptimize_f1756c4ba1d0532bc7aa25be39802b43.css]
[cosmos-themes.online/themes/watson/indexee5b.html]
[cosmos-themes.online/themes/watson/version/index-2.html]
[cosmos-themes.online/themes/watson/OPR/index.html]
[cosmos-themes.online/themes/watson/wp-json/oembed/1.0/embed16ae.json]
[cosmos-themes.online/themes/watson/wp-json/oembed/1.0/embed5a82]
[cosmos-themes.online/themes/watson/portfolio/notepad-design/index.html]
[cosmos-themes.online/themes/watson/portfolio/creative-cup/index.html]
[cosmos-themes.online/themes/watson/portfolio/book-design/popper.js]
[cosmos-themes.online/themes/watson/portfolio/book-design/GET]
[cosmos-themes.online/themes/watson/portfolio/book-design/Error pJS - No image.src]
[cosmos-themes.online/themes/watson/portfolio/book-design/Gecko/index.html]
[cosmos-themes.online/themes/watson/portfolio/book-design/Firefox/index.html]
[cosmos-themes.online/themes/watson/portfolio/book-design/Edge/index.html]
[cosmos-themes.online/themes/watson/portfolio/book-design/version/index-2.html]
[cosmos-themes.online/themes/watson/portfolio/book-design/-negative.svg]
[cosmos-themes.online/themes/watson/wp-content/cache/autoptimize/js/autoptimize_0aa23ab9ae7be85ea336fc69b89c56c9.js]
[cosmos-themes.online/themes/watson/index6452.html]
[cosmos-themes.online/themes/watson/portfolio/book-design/Version/index.html]
[cosmos-themes.online/themes/watson/wp-json/oembed/1.0/embedc70a.json]
[cosmos-themes.online/themes/watson/portfolio/book-design/OPR/index.html]
[cosmos-themes.online/themes/watson/wp-json/oembed/1.0/embedb6e6]
[cosmos-themes.online/themes/watson/portfolio/creative-flyer/index.html]
[cosmos-themes.online/themes/watson/indexf45e.html]
[cosmos-themes.online/themes/watson/indexa80c.html]
[cosmos-themes.online/themes/watson/wp-json/oembed/1.0/embed02d1.json]
[cosmos-themes.online/themes/watson/portfolio/mobile-app/index.html]
[cosmos-themes.online/themes/watson/wp-json/oembed/1.0/embed3c66]
[cosmos-themes.online/themes/watson/portfolio/business-card/index.html]
[cosmos-themes.online/themes/watson/index4580.html]
[cosmos-themes.online/themes/watson/wp-json/oembed/1.0/embed5e38.json]
[cosmos-themes.online/themes/watson/wp-json/oembed/1.0/embed67e0]
[cosmos-themes.online/themes/watson/portfolio/cup-design/index.html]
[cosmos-themes.online/themes/watson/wp-content/cache/autoptimize/css/autoptimize_4a3a25c402079694a1e90497bce44892.css]
[cosmos-themes.online/themes/watson/indexdb84.html]
[cosmos-themes.online/themes/watson/wp-json/wp/v2/categories/8.json]
[cosmos-themes.online/themes/watson/category/design/feed/index.html]
[cosmos-themes.online/themes/watson/category/design/index.html]
[cosmos-themes.online/themes/watson/wp-json/wp/v2/categories/6.json]
[cosmos-themes.online/themes/watson/category/lifestyle/index.html]
[cosmos-themes.online/themes/watson/wp-content/cache/autoptimize/js/autoptimize_461b4ae6a1a0542b5fd32d49fd80c859.js]
[cosmos-themes.online/themes/watson/category/lifestyle/feed/index.html]
[cosmos-themes.online/themes/watson/category/personal/index.html]
[cosmos-themes.online/themes/watson/wp-json/wp/v2/categories/9.json]
[cosmos-themes.online/themes/watson/category/personal/feed/index.html]
[cosmos-themes.online/themes/watson/category/technology/feed/index.html]
[cosmos-themes.online/themes/watson/wp-json/wp/v2/categories/5.json]
[cosmos-themes.online/themes/watson/category/technology/index.html]
[cosmos-themes.online/themes/watson/wp-json/wp/v2/categories/4.json]
[cosmos-themes.online/themes/watson/category/traveling/index.html]
[cosmos-themes.online/themes/watson/category/traveling/feed/index.html]
[cosmos-themes.online/themes/watson/wp-json/wp/v2/categories/7.json]
[cosmos-themes.online/themes/watson/category/web-design/index.html]
[cosmos-themes.online/themes/watson/category/web-design/feed/index.html]
[cosmos-themes.online/themes/watson/wp-includes/css/dashicons.min080f.css]
[cosmos-themes.online/themes/watson/wp-includes/css/buttons.min080f.css]
[cosmos-themes.online/themes/watson/wp-admin/css/forms.min080f.css]
[cosmos-themes.online/themes/watson/wp-admin/css/l10n.min080f.css]
[cosmos-themes.online/themes/watson/wp-admin/css/login.min080f.css]
[cosmos-themes.online/themes/watson/wp-content/uploads/2021/05/cropped-watson-sicon-270x270.png]
[cosmos-themes.online/themes/watson/wp-loginc2b6.html]
[cosmos-themes.online/themes/watson/wp-includes/js/jquery/jquery-migrate.mind617.js]
[cosmos-themes.online/themes/watson/wp-includes/js/zxcvbn-async.min5152.js]
[cosmos-themes.online/themes/watson/wp-includes/js/dist/hooks.mine16b.js]
[cosmos-themes.online/themes/watson/wp-includes/js/dist/i18n.min71a7.js]
[cosmos-themes.online/themes/watson/wp-admin/js/password-strength-meter.min080f.js]
[cosmos-themes.online/themes/watson/wp-includes/js/underscore.min0028.js]
[cosmos-themes.online/themes/watson/wp-includes/js/wp-util.min080f.js]
[cosmos-themes.online/themes/watson/wp-admin/js/user-profile.min080f.js]
[cosmos-themes.online/themes/watson/wp-login.html]
[cosmos-themes.online/themes/watson/wp-json/wp/v2/tags/10.json]
[cosmos-themes.online/themes/watson/tag/design/index.html]
[cosmos-themes.online/themes/watson/tag/design/feed/index.html]
[cosmos-themes.online/themes/watson/wp-json/wp/v2/tags/11.json]
[cosmos-themes.online/themes/watson/tag/events/index.html]
[cosmos-themes.online/themes/watson/tag/events/feed/index.html]
[cosmos-themes.online/themes/watson/tag/process/feed/index.html]
[cosmos-themes.online/themes/watson/wp-json/wp/v2/tags/12.json]
[cosmos-themes.online/themes/watson/tag/process/index.html]
[cosmos-themes.online/themes/watson/best-way-to-design/index0e22.html]
[cosmos-themes.online/themes/watson/best-way-to-design/index267f.html]
[cosmos-themes.online/themes/watson/best-way-to-design/index3094.html]
[cosmos-themes.online/themes/watson/best-way-to-design/index21b4.html]
[cosmos-themes.online/themes/watson/best-way-to-design/index8e42.html]
[cosmos-themes.online/themes/watson/best-way-to-design/popper.js]
[cosmos-themes.online/themes/watson/best-way-to-design/GET]
[cosmos-themes.online/themes/watson/best-way-to-design/Error pJS - No image.src]
[cosmos-themes.online/themes/watson/wp-content/cache/autoptimize/js/autoptimize_61962f43b02c29872a14607372d50c08.js]
[cosmos-themes.online/themes/watson/index2c90.html]
[cosmos-themes.online/themes/watson/wp-json/wp/v2/tags/15.json]
[cosmos-themes.online/themes/watson/tag/lifestyle/index.html]
[cosmos-themes.online/themes/watson/tag/lifestyle/feed/index.html]
[cosmos-themes.online/themes/watson/wp-json/wp/v2/tags/14.json]
[cosmos-themes.online/themes/watson/tag/personal/index.html]
[cosmos-themes.online/themes/watson/indexdb4e.html]
[cosmos-themes.online/themes/watson/wp-json/wp/v2/tags/13.json]
[cosmos-themes.online/themes/watson/tag/interior/index.html]
[cosmos-themes.online/themes/watson/indexd78c.html]
[cosmos-themes.online/themes/watson/tag/personal/feed/index.html]
[cosmos-themes.online/themes/watson/tag/interior/feed/index.html]
[cosmos-themes.online/themes/watson/tag/nature/feed/index.html]
[cosmos-themes.online/themes/watson/wp-json/wp/v2/tags/17.json]
[cosmos-themes.online/themes/watson/tag/nature/index.html]
[cosmos-themes.online/themes/watson/tag/outdoor/index.html]
[cosmos-themes.online/themes/watson/wp-json/wp/v2/tags/18.json]
[cosmos-themes.online/themes/watson/tag/outdoor/feed/index.html]
[cosmos-themes.online/themes/watson/wp-json/wp/v2/tags/16.json]
[cosmos-themes.online/themes/watson/tag/travel/index.html]
[cosmos-themes.online/themes/watson/index30a5.html]
[cosmos-themes.online/themes/watson/tag/travel/feed/index.html]
[cosmos-themes.online/themes/watson/wp-json/wp/v2/tags/20.json]
[cosmos-themes.online/themes/watson/tag/inspiration/index.html]
[cosmos-themes.online/themes/watson/tag/inspiration/feed/index.html]
[cosmos-themes.online/themes/watson/wp-json/wp/v2/tags/19.json]
[cosmos-themes.online/themes/watson/tag/technology/index.html]
[cosmos-themes.online/themes/watson/index8820.html]
[cosmos-themes.online/themes/watson/tag/technology/feed/index.html]
[cosmos-themes.online/themes/watson/wp-json/wp/v2/tags/21.json]
[cosmos-themes.online/themes/watson/tag/trend/index.html]
[cosmos-themes.online/themes/watson/index5f87.html]
[cosmos-themes.online/themes/watson/tag/trend/feed/index.html]
[cosmos-themes.online/themes/watson/wp-json/wp/v2/tags/22.json]
[cosmos-themes.online/themes/watson/tag/recipe/index.html]
[cosmos-themes.online/themes/watson/index460d.html]
[cosmos-themes.online/themes/watson/indexb190.html]
[cosmos-themes.online/themes/watson/popper.html]
[cosmos-themes.online/themes/watson/GET.html]
[cosmos-themes.online/themes/watson/Error pJS - No image.html]
[cosmos-themes.online/themes/watson/Edge/index.html]
[cosmos-themes.online/themes/watson/Gecko/index.html]
[cosmos-themes.online/themes/watson/Firefox/index.html]
[cosmos-themes.online/themes/watson/Version/index.html]
[cosmos-themes.online/themes/watson/version/index-2.html]
[cosmos-themes.online/themes/watson/-negative.html]
[cosmos-themes.online/themes/watson/OPR/index.html]
[cosmos-themes.online/themes/watson/index5e74.html]
[cosmos-themes.online/themes/watson/tag/recipe/feed/index.html]
[cosmos-themes.online/themes/watson/wp-json/oembed/1.0/embedaf83.json]
[cosmos-themes.online/themes/watson/wp-json/oembed/1.0/embed75d0]
[cosmos-themes.online/themes/watson/portfolio/creative-cup/index.html]
[cosmos-themes.online/themes/watson/portfolio/book-design/popper.html]
[cosmos-themes.online/themes/watson/portfolio/book-design/GET.html]
[cosmos-themes.online/themes/watson/portfolio/book-design/Error pJS - No image.html]
[cosmos-themes.online/themes/watson/portfolio/book-design/Edge/index.html]
[cosmos-themes.online/themes/watson/portfolio/book-design/Gecko/index.html]
[cosmos-themes.online/themes/watson/portfolio/book-design/Firefox/index.html]
[cosmos-themes.online/themes/watson/portfolio/book-design/Version/index.html]
[cosmos-themes.online/themes/watson/portfolio/book-design/version/index-2.html]
[cosmos-themes.online/themes/watson/portfolio/book-design/-negative.html]
[cosmos-themes.online/themes/watson/portfolio/book-design/OPR/index.html]
[cosmos-themes.online/themes/watson/index0eba.html]
[cosmos-themes.online/themes/watson/wp-json/oembed/1.0/embed81b6.json]
[cosmos-themes.online/themes/watson/wp-json/oembed/1.0/embed0fe8]
[cosmos-themes.online/themes/watson/portfolio/mobile-app/index.html]
[cosmos-themes.online/themes/watson/index7b17.html]
[cosmos-themes.online/themes/watson/indexb4c1.html]
[cosmos-themes.online/themes/watson/category/design/popper.js]
[cosmos-themes.online/themes/watson/category/design/GET]
[cosmos-themes.online/themes/watson/category/design/Error pJS - No image.src]
[cosmos-themes.online/themes/watson/wp-content/cache/autoptimize/js/autoptimize_461b4ae6a1a0542b5fd32d49fd80c859.js]
[cosmos-themes.online/themes/watson/wp-includes/fonts/dashicons7d4b.ttf]
[cosmos-themes.online/themes/watson/wp-includes/css/dashicons.min080f.css]
[cosmos-themes.online/themes/watson/wp-includes/css/buttons.min080f.css]
[cosmos-themes.online/themes/watson/wp-includes/fonts/dashicons7d4b.eot]
[cosmos-themes.online/themes/watson/wp-admin/images/loading.gif]
[cosmos-themes.online/themes/watson/wp-admin/css/forms.min080f.css]
[cosmos-themes.online/themes/watson/wp-admin/css/l10n.min080f.css]
[cosmos-themes.online/themes/watson/wp-admin/images/w-logo-blue7a53.png]
[cosmos-themes.online/themes/watson/wp-admin/images/wordpress-logo7d6b.svg]
[cosmos-themes.online/themes/watson/wp-admin/css/login.min080f.css]
[cosmos-themes.online/themes/watson/wp-loginc2b6.html]
[cosmos-themes.online/themes/watson/wp-includes/js/jquery/jquery-migrate.mind617.js]
[cosmos-themes.online/themes/watson/wp-includes/js/zxcvbn-async.min5152.js]
[cosmos-themes.online/themes/watson/wp-includes/js/dist/hooks.mine16b.js]
[cosmos-themes.online/themes/watson/wp-includes/js/dist/i18n.min71a7.js]
[cosmos-themes.online/themes/watson/wp-admin/js/password-strength-meter.min080f.js]
[cosmos-themes.online/themes/watson/wp-includes/js/underscore.min0028.js]
[cosmos-themes.online/themes/watson/wp-includes/js/wp-util.min080f.js]
[cosmos-themes.online/themes/watson/wp-admin/js/user-profile.min080f.js]
[cosmos-themes.online/themes/watson/best-way-to-design/popper.html]
[cosmos-themes.online/themes/watson/best-way-to-design/GET.html]
[cosmos-themes.online/themes/watson/best-way-to-design/Error pJS - No image.html]
[cosmos-themes.online/themes/watson/index3440.html]
[cosmos-themes.online/themes/watson/indexd7c9.html]
[cosmos-themes.online/themes/watson/category/design/popper.html]
[cosmos-themes.online/themes/watson/category/design/GET.html]
[cosmos-themes.online/themes/watson/category/design/Error pJS - No image.html]
[cosmos-themes.online/themes/watson/wp-admin/images/wordpress-logo7d6b.svg]
